// Jest Snapshot v1, https://jestjs.io/docs/snapshot-testing

exports[`SortOptions creates snapshot 1`] = `
<DocumentFragment>
  <div
    class="d-flex flex-nowrap align-items-center undefined"
  >
    <label
      class="form-label me-2 mb-0"
    >
      Sort:
    </label>
    <select
      aria-label="Sort options select"
      class="form-select form-select-sm rounded-0 cursorPointer"
      style="width: 300px;"
    >
      <option
        value="date_asc"
      >
        Applied at (asc)
      </option>
      <option
        value="date_desc"
      >
        Applied at (desc)
      </option>
      ;
    </select>
  </div>
</DocumentFragment>
`;
