// Jest Snapshot v1, https://jestjs.io/docs/snapshot-testing

exports[`AlertController creates snapshot 1`] = `
<DocumentFragment>
  <div
    aria-hidden="true"
    class="position-relative"
    tabindex="-1"
  >
    <div
      aria-atomic="true"
      aria-live="assertive"
      class="alert alert-dismissible position-fixed rounded-0 alert-warning alert fade"
      data-testid="alertController"
      role="alert"
    />
  </div>
</DocumentFragment>
`;
