// Jest Snapshot v1, https://goo.gl/fbAQLP

exports[`SampleQueries creates snapshot 1`] = `
<DocumentFragment>
  <a
    aria-label="Filter by Only graduated projects"
    class="badge rounded-0 border fw-normal mx-2 mt-3 text-decoration-none undefined"
    href="/search?maturity=graduated&page=1"
    rel="noopener noreferrer"
    target="_self"
  >
    Only graduated projects
  </a>
  <a
    aria-label="Filter by Only incubating projects"
    class="badge rounded-0 border fw-normal mx-2 mt-3 text-decoration-none undefined"
    href="/search?maturity=graduated&page=1"
    rel="noopener noreferrer"
    target="_self"
  >
    Only incubating projects
  </a>
  <a
    aria-label="Filter by Only sandbox projects"
    class="badge rounded-0 border fw-normal mx-2 mt-3 text-decoration-none undefined"
    href="/search?maturity=graduated&page=1"
    rel="noopener noreferrer"
    target="_self"
  >
    Only sandbox projects
  </a>
</DocumentFragment>
`;
