// Jest Snapshot v1, https://jestjs.io/docs/snapshot-testing

exports[`HoverableItem creates snapshot 1`] = `
<DocumentFragment>
  <div>
    hi
  </div>
</DocumentFragment>
`;
