// Jest Snapshot v1, https://jestjs.io/docs/snapshot-testing

exports[`Image creates snapshot 1`] = `
<DocumentFragment>
  <img
    alt="image"
    aria-hidden="true"
    src="http://img.url"
  />
</DocumentFragment>
`;
