// Jest Snapshot v1, https://jestjs.io/docs/snapshot-testing

exports[`ElementWithTooltip creates snapshot 1`] = `
<DocumentFragment>
  <div
    class="d-none d-md-block position-relative undefined"
  >
    <div
      class="cursorDefault"
      data-testid="elementWithTooltip"
    >
      <div>
        label
      </div>
    </div>
  </div>
</DocumentFragment>
`;
