// Jest Snapshot v1, https://jestjs.io/docs/snapshot-testing

exports[`DropdownOnHover creates snapshot 1`] = `
<DocumentFragment>
  <div>
    <div
      class="position-absolute"
    >
      <div>
        <div
          aria-hidden="true"
          class="dropdown-menu rounded-0 text-wrap dropdown"
          id=":r0:"
          role="complementary"
          style="width: auto;"
        >
          <div
            class="ps-3 pe-2 pt-1"
          >
            children
          </div>
        </div>
      </div>
    </div>
    <div
      aria-controls=":r0:"
      aria-expanded="false"
      aria-haspopup="true"
      class="cursorDefault"
      role="button"
    >
      content
    </div>
  </div>
</DocumentFragment>
`;
